// Jest Snapshot v1, https://goo.gl/fbAQLP

exports[`The user menu renders 3 dots while loading 1`] = `
<UserMenu
  isLoading={true}
  onLogoutClicked={[Function]}
  user={
    Immutable.Map {
      "username": "sandor@connecterra.io",
    }
  }
>
  <MenuItem>
    <div
      className="item"
      onClick={[Function]}
    >
      <MenuHeader>
        <div
          className="header"
        >
          sandor@connecterra.io
           
          <InlineDots
            amount={3}
          >
            <styled.span
              key="0"
            >
              <StyledComponent
                forwardedComponent={
                  Object {
                    "$$typeof": Symbol(react.forward_ref),
                    "attrs": Array [],
                    "componentStyle": ComponentStyle {
                      "componentId": "sc-bdVaJa",
                      "isStatic": true,
                      "lastClassName": "gQgMD",
                      "rules": Array [
                        "
  animation: 1s ",
                        Keyframes {
                          "id": "sc-keyframes-cFFqjv",
                          "inject": [Function],
                          "name": "cFFqjv",
                          "rules": Array [
                            "@-webkit-keyframes cFFqjv{50%{color:transparent;}}",
                            "@keyframes cFFqjv{50%{color:transparent;}}",
                          ],
                          "toString": [Function],
                        },
                        " infinite;
  &:nth-child(1) {
    animation-delay: 0ms;
  }
  &:nth-child(2) {
    animation-delay: 250ms;
  }
  &:nth-child(3) {
    animation-delay: 500ms;
  }
",
                      ],
                    },
                    "displayName": "styled.span",
                    "foldedComponentIds": Array [],
                    "render": [Function],
                    "styledComponentId": "sc-bdVaJa",
                    "target": "span",
                    "toString": [Function],
                    "warnTooManyClasses": [Function],
                    "withComponent": [Function],
                  }
                }
                forwardedRef={null}
              >
                <span
                  className="sc-bdVaJa gQgMD"
                >
                  .
                </span>
              </StyledComponent>
            </styled.span>
            <styled.span
              key="1"
            >
              <StyledComponent
                forwardedComponent={
                  Object {
                    "$$typeof": Symbol(react.forward_ref),
                    "attrs": Array [],
                    "componentStyle": ComponentStyle {
                      "componentId": "sc-bdVaJa",
                      "isStatic": true,
                      "lastClassName": "gQgMD",
                      "rules": Array [
                        "
  animation: 1s ",
                        Keyframes {
                          "id": "sc-keyframes-cFFqjv",
                          "inject": [Function],
                          "name": "cFFqjv",
                          "rules": Array [
                            "@-webkit-keyframes cFFqjv{50%{color:transparent;}}",
                            "@keyframes cFFqjv{50%{color:transparent;}}",
                          ],
                          "toString": [Function],
                        },
                        " infinite;
  &:nth-child(1) {
    animation-delay: 0ms;
  }
  &:nth-child(2) {
    animation-delay: 250ms;
  }
  &:nth-child(3) {
    animation-delay: 500ms;
  }
",
                      ],
                    },
                    "displayName": "styled.span",
                    "foldedComponentIds": Array [],
                    "render": [Function],
                    "styledComponentId": "sc-bdVaJa",
                    "target": "span",
                    "toString": [Function],
                    "warnTooManyClasses": [Function],
                    "withComponent": [Function],
                  }
                }
                forwardedRef={null}
              >
                <span
                  className="sc-bdVaJa gQgMD"
                >
                  .
                </span>
              </StyledComponent>
            </styled.span>
            <styled.span
              key="2"
            >
              <StyledComponent
                forwardedComponent={
                  Object {
                    "$$typeof": Symbol(react.forward_ref),
                    "attrs": Array [],
                    "componentStyle": ComponentStyle {
                      "componentId": "sc-bdVaJa",
                      "isStatic": true,
                      "lastClassName": "gQgMD",
                      "rules": Array [
                        "
  animation: 1s ",
                        Keyframes {
                          "id": "sc-keyframes-cFFqjv",
                          "inject": [Function],
                          "name": "cFFqjv",
                          "rules": Array [
                            "@-webkit-keyframes cFFqjv{50%{color:transparent;}}",
                            "@keyframes cFFqjv{50%{color:transparent;}}",
                          ],
                          "toString": [Function],
                        },
                        " infinite;
  &:nth-child(1) {
    animation-delay: 0ms;
  }
  &:nth-child(2) {
    animation-delay: 250ms;
  }
  &:nth-child(3) {
    animation-delay: 500ms;
  }
",
                      ],
                    },
                    "displayName": "styled.span",
                    "foldedComponentIds": Array [],
                    "render": [Function],
                    "styledComponentId": "sc-bdVaJa",
                    "target": "span",
                    "toString": [Function],
                    "warnTooManyClasses": [Function],
                    "withComponent": [Function],
                  }
                }
                forwardedRef={null}
              >
                <span
                  className="sc-bdVaJa gQgMD"
                >
                  .
                </span>
              </StyledComponent>
            </styled.span>
          </InlineDots>
        </div>
      </MenuHeader>
      <MenuMenu>
        <div
          className="menu"
        >
          <MenuItem
            onClick={[Function]}
          >
            <a
              className="item"
              onClick={[Function]}
            >
              Log out
            </a>
          </MenuItem>
        </div>
      </MenuMenu>
    </div>
  </MenuItem>
</UserMenu>
`;

exports[`The user menu renders the user's full name 1`] = `
<UserMenu
  onLogoutClicked={[Function]}
  user={
    Immutable.Map {
      "givenName": "Sandor",
      "surName": "Kocsis",
    }
  }
>
  <MenuItem>
    <div
      className="item"
      onClick={[Function]}
    >
      <MenuHeader>
        <div
          className="header"
        >
          Sandor Kocsis
           
        </div>
      </MenuHeader>
      <MenuMenu>
        <div
          className="menu"
        >
          <MenuItem
            onClick={[Function]}
          >
            <a
              className="item"
              onClick={[Function]}
            >
              Log out
            </a>
          </MenuItem>
        </div>
      </MenuMenu>
    </div>
  </MenuItem>
</UserMenu>
`;
