// Jest Snapshot v1, https://goo.gl/fbAQLP

exports[`The 404 page component renders without error 1`] = `
<NotFound>
  <h1>
    404
  </h1>
  <p>
    The page you have requested does not seem to exist.
  </p>
</NotFound>
`;
